TRACE:notmain:about to enable
HASH:	PTE crc:: hash=0xa0b5eb0e,nbytes=4
HASH:	PTE crc:: hash=0xf653f334,nbytes=4
HASH:	PTE crc:: hash=0xa753bc13,nbytes=4
HASH:	PTE crc:: hash=0xf5535a71,nbytes=4
HASH:	PTE crc:: hash=0xf082b02,nbytes=4
HASH:	PTE crc:: hash=0x45dd45a,nbytes=4
HASH:	PTE crc:: hash=0x7adc92c1,nbytes=4
HASH:	PTE crc:: hash=0x2020649b,nbytes=4
TRACE:notmain:MMU is on and working!
TRACE:notmain:asid 1 = got: 0xdeadbeef
TRACE:notmain:MMU is off!
TRACE:notmain:phys addr1=0x1
TRACE:notmain:SUCCESS!
